---
http_interactions:
- request:
    method: post
    uri: https://api.stripe.com/v<VENDOR_ID>/customers
    body:
      encoding: UTF-8
      string: email=stripe%40e<VENDOR_AUTH_CODE>ample.org&name=Stripe+User&e<VENDOR_AUTH_CODE>pand[0]=ta<VENDOR_AUTH_CODE>&e<VENDOR_AUTH_CODE>pand[<VENDOR_ID>]=invoice_credit_balance
    headers:
      User-Agent:
      - Stripe/v<VENDOR_ID> RubyBindings/<VENDOR_ID>5.0.0 PayRails/9.0.<VENDOR_ID>
        (https://github.com/pay-rails/pay)
      Authorization:
      - Bearer sk_test_e<VENDOR_AUTH_CODE>0JDdQGDv6z2QmAIVQUOyE6
      Idempotency-Key:
      - "<VENDOR_ID>07c6879-c5b2-489d-80e4-9ed<VENDOR_ID>64b4e<VENDOR_ID>fc"
      Stripe-Version:
      - 2025-03-3<VENDOR_ID>.basil
      X-Stripe-Client-User-Agent:
      - '{"application":{"name":"PayRails","partner_id":"pp_partner_IqhY0UE<VENDOR_AUTH_CODE>nJYL<VENDOR_AUTH_CODE>g","url":"https://github.com/pay-rails/pay","version":"9.0.<VENDOR_ID>"},"bindings_version":"<VENDOR_ID>5.0.0","lang":"ruby","lang_version":"3.4.3
        p32 (2025-04-<VENDOR_ID>4)","platform":"arm64-darwin24","engine":"ruby","publisher":"stripe","uname":"Darwin
        Mac-Studio.localdomain 24.4.0 Darwin Kernel Version 24.4.0: Wed Mar <VENDOR_ID>9
        2<VENDOR_ID>:<VENDOR_ID>7:37 PDT 2025; root:<VENDOR_AUTH_CODE>nu-<VENDOR_ID><VENDOR_ID>4<VENDOR_ID>7.<VENDOR_ID>0<VENDOR_ID>.<VENDOR_ID>5~<VENDOR_ID>/RELEASE_ARM64_T603<VENDOR_ID>
        arm64","hostname":"Mac-Studio.localdomain"}'
      Content-Type:
      - application/<VENDOR_AUTH_CODE>-www-form-urlencoded
      Accept-Encoding:
      - gzip;q=<VENDOR_ID>.0,deflate;q=0.6,identity;q=0.3
      Accept:
      - "*/*"
  response:
    status:
      code: 200
      message: OK
    headers:
      Server:
      - ngin<VENDOR_AUTH_CODE>
      Date:
      - Thu, <VENDOR_ID>7 Apr 2025 <VENDOR_ID>8:53:38 GMT
      Content-Type:
      - application/json
      Content-Length:
      - '778'
      Connection:
      - keep-alive
      Access-Control-Allow-Credentials:
      - 'true'
      Access-Control-Allow-Methods:
      - GET, HEAD, PUT, PATCH, POST, DELETE
      Access-Control-Allow-Origin:
      - "*"
      Cache-Control:
      - no-cache, no-store
      Content-Security-Policy:
      - base-uri 'none'; default-src 'none'; form-action 'none'; frame-ancestors 'none';
        img-src 'self'; script-src 'self' 'report-sample'; style-src 'self'; worker-src
        'none'; upgrade-insecure-requests; report-uri https://q.stripe.com/csp-violation?q=TdDKOWmUqctLCTDTfpTJadJG0m0fuyNiFNMqG5QjmArOE0BopEvVD0eOS<VENDOR_AUTH_CODE>_mPr8T<VENDOR_AUTH_CODE>d5DTWVUqfrAbq<VENDOR_AUTH_CODE>i
      Idempotency-Key:
      - "<VENDOR_ID>07c6879-c5b2-489d-80e4-9ed<VENDOR_ID>64b4e<VENDOR_ID>fc"
      Original-Request:
      - req_pwuD4Vdhn5FXvC
      Request-Id:
      - req_pwuD4Vdhn5FXvC
      Stripe-Should-Retry:
      - 'false'
      Stripe-Version:
      - 2025-03-3<VENDOR_ID>.basil
      Vary:
      - Origin
      X-Stripe-Priority-Routing-Enabled:
      - 'true'
      X-Wc:
      - ABGHI
      Strict-Transport-Security:
      - ma<VENDOR_AUTH_CODE>-age=63072000; includeSubDomains; preload
      Access-Control-E<VENDOR_AUTH_CODE>pose-Headers:
      - Request-Id, Stripe-Manage-Version, Stripe-Should-Retry, X-Stripe-E<VENDOR_AUTH_CODE>ternal-Auth-Required,
        X-Stripe-Privileged-Session-Required
      Access-Control-Ma<VENDOR_AUTH_CODE>-Age:
      - '300'
      X-Stripe-Routing-Conte<VENDOR_AUTH_CODE>t-Priority-Tier:
      - api-testmode
    body:
      encoding: UTF-8
      string: |-
        {
          "id": "cus_S9G5bb<VENDOR_AUTH_CODE>pbQhdMD",
          "object": "customer",
          "address": null,
          "balance": 0,
          "created": <VENDOR_ID>7449<VENDOR_ID>60<VENDOR_ID>7,
          "currency": null,
          "default_source": null,
          "delinquent": false,
          "description": null,
          "discount": null,
          "email": "stripe@e<VENDOR_AUTH_CODE>ample.org",
          "invoice_credit_balance": {},
          "invoice_prefi<VENDOR_AUTH_CODE>": "6B9F94CA",
          "invoice_settings": {
            "custom_fields": null,
            "default_payment_method": null,
            "footer": null,
            "rendering_options": null
          },
          "livemode": false,
          "metadata": {},
          "name": "Stripe User",
          "ne<VENDOR_AUTH_CODE>t_invoice_sequence": <VENDOR_ID>,
          "phone": null,
          "preferred_locales": [],
          "shipping": null,
          "ta<VENDOR_AUTH_CODE>": {
            "automatic_ta<VENDOR_AUTH_CODE>": "unrecognized_location",
            "ip_address": null,
            "location": null
          },
          "ta<VENDOR_AUTH_CODE>_e<VENDOR_AUTH_CODE>empt": "none",
          "test_clock": null
        }
  recorded_at: Thu, 17 Apr 2025 18:53:38 GMT
- request:
    method: post
    uri: https://api.stripe.com/v<VENDOR_ID>/payment_methods/pm_card_visa/attach
    body:
      encoding: UTF-8
      string: customer=cus_S9G5bb<VENDOR_AUTH_CODE>pbQhdMD
    headers:
      User-Agent:
      - Stripe/v<VENDOR_ID> RubyBindings/<VENDOR_ID>5.0.0 PayRails/9.0.<VENDOR_ID>
        (https://github.com/pay-rails/pay)
      Authorization:
      - Bearer sk_test_e<VENDOR_AUTH_CODE>0JDdQGDv6z2QmAIVQUOyE6
      X-Stripe-Client-Telemetry:
      - '{"last_request_metrics":{"request_id":"req_pwuD4Vdhn5FXvC","request_duration_ms":282}}'
      Idempotency-Key:
      - 0f7c88b4-c493-4ec<VENDOR_ID>-aa<VENDOR_ID>d-08a264cc33a9
      Stripe-Version:
      - 2025-03-3<VENDOR_ID>.basil
      X-Stripe-Client-User-Agent:
      - '{"application":{"name":"PayRails","partner_id":"pp_partner_IqhY0UE<VENDOR_AUTH_CODE>nJYL<VENDOR_AUTH_CODE>g","url":"https://github.com/pay-rails/pay","version":"9.0.<VENDOR_ID>"},"bindings_version":"<VENDOR_ID>5.0.0","lang":"ruby","lang_version":"3.4.3
        p32 (2025-04-<VENDOR_ID>4)","platform":"arm64-darwin24","engine":"ruby","publisher":"stripe","uname":"Darwin
        Mac-Studio.localdomain 24.4.0 Darwin Kernel Version 24.4.0: Wed Mar <VENDOR_ID>9
        2<VENDOR_ID>:<VENDOR_ID>7:37 PDT 2025; root:<VENDOR_AUTH_CODE>nu-<VENDOR_ID><VENDOR_ID>4<VENDOR_ID>7.<VENDOR_ID>0<VENDOR_ID>.<VENDOR_ID>5~<VENDOR_ID>/RELEASE_ARM64_T603<VENDOR_ID>
        arm64","hostname":"Mac-Studio.localdomain"}'
      Content-Type:
      - application/<VENDOR_AUTH_CODE>-www-form-urlencoded
      Accept-Encoding:
      - gzip;q=<VENDOR_ID>.0,deflate;q=0.6,identity;q=0.3
      Accept:
      - "*/*"
  response:
    status:
      code: 200
      message: OK
    headers:
      Server:
      - ngin<VENDOR_AUTH_CODE>
      Date:
      - Thu, <VENDOR_ID>7 Apr 2025 <VENDOR_ID>8:53:38 GMT
      Content-Type:
      - application/json
      Content-Length:
      - "<VENDOR_ID>065"
      Connection:
      - keep-alive
      Access-Control-Allow-Credentials:
      - 'true'
      Access-Control-Allow-Methods:
      - GET, HEAD, PUT, PATCH, POST, DELETE
      Access-Control-Allow-Origin:
      - "*"
      Cache-Control:
      - no-cache, no-store
      Content-Security-Policy:
      - base-uri 'none'; default-src 'none'; form-action 'none'; frame-ancestors 'none';
        img-src 'self'; script-src 'self' 'report-sample'; style-src 'self'; worker-src
        'none'; upgrade-insecure-requests; report-uri https://q.stripe.com/csp-violation?q=qAws-KTyW<VENDOR_ID>huN9JLGhP0iWH5HG2PXXggqYiX2dfccuoaqgJ5RfNyGdbuweHMtdX4cBD0PPQldtjqeewe
      Idempotency-Key:
      - 0f7c88b4-c493-4ec<VENDOR_ID>-aa<VENDOR_ID>d-08a264cc33a9
      Original-Request:
      - req_GXaGgom6n5GCv2
      Request-Id:
      - req_GXaGgom6n5GCv2
      Stripe-Should-Retry:
      - 'false'
      Stripe-Version:
      - 2025-03-3<VENDOR_ID>.basil
      Vary:
      - Origin
      X-Stripe-Priority-Routing-Enabled:
      - 'true'
      X-Wc:
      - ABGHI
      Strict-Transport-Security:
      - ma<VENDOR_AUTH_CODE>-age=63072000; includeSubDomains; preload
      Access-Control-E<VENDOR_AUTH_CODE>pose-Headers:
      - Request-Id, Stripe-Manage-Version, Stripe-Should-Retry, X-Stripe-E<VENDOR_AUTH_CODE>ternal-Auth-Required,
        X-Stripe-Privileged-Session-Required
      Access-Control-Ma<VENDOR_AUTH_CODE>-Age:
      - '300'
      X-Stripe-Routing-Conte<VENDOR_AUTH_CODE>t-Priority-Tier:
      - api-testmode
    body:
      encoding: UTF-8
      string: |-
        {
          "id": "pm_<VENDOR_ID>RE<VENDOR_AUTH_CODE>Z8KXBGcbgpbZtDN<VENDOR_AUTH_CODE>Rh6k",
          "object": "payment_method",
          "allow_redisplay": "unspecified",
          "billing_details": {
            "address": {
              "city": null,
              "country": null,
              "line<VENDOR_ID>": null,
              "line2": null,
              "postal_code": null,
              "state": null
            },
            "email": null,
            "name": null,
            "phone": null,
            "ta<VENDOR_AUTH_CODE>_id": null
          },
          "card": {
            "brand": "visa",
            "checks": {
              "address_line<VENDOR_ID>_check": null,
              "address_postal_code_check": null,
              "cvc_check": "pass"
            },
            "country": "US",
            "display_brand": "visa",
            "e<VENDOR_AUTH_CODE>p_month": 4,
            "e<VENDOR_AUTH_CODE>p_year": 2026,
            "fingerprint": "w4XDzQOFakih5EZM",
            "funding": "credit",
            "generated_from": null,
            "last4": "4242",
            "networks": {
              "available": [
                "visa"
              ],
              "preferred": null
            },
            "regulated_status": "unregulated",
            "three_d_secure_usage": {
              "supported": true
            },
            "wallet": null
          },
          "created": <VENDOR_ID>7449<VENDOR_ID>60<VENDOR_ID>8,
          "customer": "cus_S9G5bb<VENDOR_AUTH_CODE>pbQhdMD",
          "livemode": false,
          "metadata": {},
          "type": "card"
        }
  recorded_at: Thu, 17 Apr 2025 18:53:38 GMT
- request:
    method: post
    uri: https://api.stripe.com/v<VENDOR_ID>/customers/cus_S9G5bb<VENDOR_AUTH_CODE>pbQhdMD
    body:
      encoding: UTF-8
      string: invoice_settings[default_payment_method]=pm_<VENDOR_ID>RE<VENDOR_AUTH_CODE>Z8KXBGcbgpbZtDN<VENDOR_AUTH_CODE>Rh6k
    headers:
      User-Agent:
      - Stripe/v<VENDOR_ID> RubyBindings/<VENDOR_ID>5.0.0 PayRails/9.0.<VENDOR_ID>
        (https://github.com/pay-rails/pay)
      Authorization:
      - Bearer sk_test_e<VENDOR_AUTH_CODE>0JDdQGDv6z2QmAIVQUOyE6
      X-Stripe-Client-Telemetry:
      - '{"last_request_metrics":{"request_id":"req_GXaGgom6n5GCv2","request_duration_ms":572}}'
      Idempotency-Key:
      - b3fe2f4d-4aab-45a7-84a2-637a0e700702
      Stripe-Version:
      - 2025-03-3<VENDOR_ID>.basil
      X-Stripe-Client-User-Agent:
      - '{"application":{"name":"PayRails","partner_id":"pp_partner_IqhY0UE<VENDOR_AUTH_CODE>nJYL<VENDOR_AUTH_CODE>g","url":"https://github.com/pay-rails/pay","version":"9.0.<VENDOR_ID>"},"bindings_version":"<VENDOR_ID>5.0.0","lang":"ruby","lang_version":"3.4.3
        p32 (2025-04-<VENDOR_ID>4)","platform":"arm64-darwin24","engine":"ruby","publisher":"stripe","uname":"Darwin
        Mac-Studio.localdomain 24.4.0 Darwin Kernel Version 24.4.0: Wed Mar <VENDOR_ID>9
        2<VENDOR_ID>:<VENDOR_ID>7:37 PDT 2025; root:<VENDOR_AUTH_CODE>nu-<VENDOR_ID><VENDOR_ID>4<VENDOR_ID>7.<VENDOR_ID>0<VENDOR_ID>.<VENDOR_ID>5~<VENDOR_ID>/RELEASE_ARM64_T603<VENDOR_ID>
        arm64","hostname":"Mac-Studio.localdomain"}'
      Content-Type:
      - application/<VENDOR_AUTH_CODE>-www-form-urlencoded
      Accept-Encoding:
      - gzip;q=<VENDOR_ID>.0,deflate;q=0.6,identity;q=0.3
      Accept:
      - "*/*"
  response:
    status:
      code: 200
      message: OK
    headers:
      Server:
      - ngin<VENDOR_AUTH_CODE>
      Date:
      - Thu, <VENDOR_ID>7 Apr 2025 <VENDOR_ID>8:53:38 GMT
      Content-Type:
      - application/json
      Content-Length:
      - '664'
      Connection:
      - keep-alive
      Access-Control-Allow-Credentials:
      - 'true'
      Access-Control-Allow-Methods:
      - GET, HEAD, PUT, PATCH, POST, DELETE
      Access-Control-Allow-Origin:
      - "*"
      Cache-Control:
      - no-cache, no-store
      Content-Security-Policy:
      - base-uri 'none'; default-src 'none'; form-action 'none'; frame-ancestors 'none';
        img-src 'self'; script-src 'self' 'report-sample'; style-src 'self'; worker-src
        'none'; upgrade-insecure-requests; report-uri https://q.stripe.com/csp-violation?q=qAws-KTyW<VENDOR_ID>huN9JLGhP0iWH5HG2PXXggqYiX2dfccuoaqgJ5RfNyGdbuweHMtdX4cBD0PPQldtjqeewe
      Idempotency-Key:
      - b3fe2f4d-4aab-45a7-84a2-637a0e700702
      Original-Request:
      - req_Q8u3bLuLGeiMfZ
      Request-Id:
      - req_Q8u3bLuLGeiMfZ
      Stripe-Should-Retry:
      - 'false'
      Stripe-Version:
      - 2025-03-3<VENDOR_ID>.basil
      Vary:
      - Origin
      X-Stripe-Priority-Routing-Enabled:
      - 'true'
      X-Wc:
      - ABGHI
      Strict-Transport-Security:
      - ma<VENDOR_AUTH_CODE>-age=63072000; includeSubDomains; preload
      Access-Control-E<VENDOR_AUTH_CODE>pose-Headers:
      - Request-Id, Stripe-Manage-Version, Stripe-Should-Retry, X-Stripe-E<VENDOR_AUTH_CODE>ternal-Auth-Required,
        X-Stripe-Privileged-Session-Required
      Access-Control-Ma<VENDOR_AUTH_CODE>-Age:
      - '300'
      X-Stripe-Routing-Conte<VENDOR_AUTH_CODE>t-Priority-Tier:
      - api-testmode
    body:
      encoding: UTF-8
      string: |-
        {
          "id": "cus_S9G5bb<VENDOR_AUTH_CODE>pbQhdMD",
          "object": "customer",
          "address": null,
          "balance": 0,
          "created": <VENDOR_ID>7449<VENDOR_ID>60<VENDOR_ID>7,
          "currency": null,
          "default_source": null,
          "delinquent": false,
          "description": null,
          "discount": null,
          "email": "stripe@e<VENDOR_AUTH_CODE>ample.org",
          "invoice_prefi<VENDOR_AUTH_CODE>": "6B9F94CA",
          "invoice_settings": {
            "custom_fields": null,
            "default_payment_method": "pm_<VENDOR_ID>RE<VENDOR_AUTH_CODE>Z8KXBGcbgpbZtDN<VENDOR_AUTH_CODE>Rh6k",
            "footer": null,
            "rendering_options": null
          },
          "livemode": false,
          "metadata": {},
          "name": "Stripe User",
          "ne<VENDOR_AUTH_CODE>t_invoice_sequence": <VENDOR_ID>,
          "phone": null,
          "preferred_locales": [],
          "shipping": null,
          "ta<VENDOR_AUTH_CODE>_e<VENDOR_AUTH_CODE>empt": "none",
          "test_clock": null
        }
  recorded_at: Thu, 17 Apr 2025 18:53:38 GMT
- request:
    method: post
    uri: https://api.stripe.com/v<VENDOR_ID>/payment_intents
    body:
      encoding: UTF-8
      string: amount=2900&currency=usd&customer=cus_S9G5bb<VENDOR_AUTH_CODE>pbQhdMD&e<VENDOR_AUTH_CODE>pand[0]=latest_charge.refunds&return_url=http%3A%2F%2Flocalhost%3A3000%2F&confirm=true&payment_method=pm_<VENDOR_ID>RE<VENDOR_AUTH_CODE>Z8KXBGcbgpbZtDN<VENDOR_AUTH_CODE>Rh6k
    headers:
      User-Agent:
      - Stripe/v<VENDOR_ID> RubyBindings/<VENDOR_ID>5.0.0 PayRails/9.0.<VENDOR_ID>
        (https://github.com/pay-rails/pay)
      Authorization:
      - Bearer sk_test_e<VENDOR_AUTH_CODE>0JDdQGDv6z2QmAIVQUOyE6
      X-Stripe-Client-Telemetry:
      - '{"last_request_metrics":{"request_id":"req_Q8u3bLuLGeiMfZ","request_duration_ms":203}}'
      Idempotency-Key:
      - f222c7ed-9654-4<VENDOR_ID>2d-a6c9-f022a5037f0<VENDOR_ID>
      Stripe-Version:
      - 2025-03-3<VENDOR_ID>.basil
      X-Stripe-Client-User-Agent:
      - '{"application":{"name":"PayRails","partner_id":"pp_partner_IqhY0UE<VENDOR_AUTH_CODE>nJYL<VENDOR_AUTH_CODE>g","url":"https://github.com/pay-rails/pay","version":"9.0.<VENDOR_ID>"},"bindings_version":"<VENDOR_ID>5.0.0","lang":"ruby","lang_version":"3.4.3
        p32 (2025-04-<VENDOR_ID>4)","platform":"arm64-darwin24","engine":"ruby","publisher":"stripe","uname":"Darwin
        Mac-Studio.localdomain 24.4.0 Darwin Kernel Version 24.4.0: Wed Mar <VENDOR_ID>9
        2<VENDOR_ID>:<VENDOR_ID>7:37 PDT 2025; root:<VENDOR_AUTH_CODE>nu-<VENDOR_ID><VENDOR_ID>4<VENDOR_ID>7.<VENDOR_ID>0<VENDOR_ID>.<VENDOR_ID>5~<VENDOR_ID>/RELEASE_ARM64_T603<VENDOR_ID>
        arm64","hostname":"Mac-Studio.localdomain"}'
      Content-Type:
      - application/<VENDOR_AUTH_CODE>-www-form-urlencoded
      Accept-Encoding:
      - gzip;q=<VENDOR_ID>.0,deflate;q=0.6,identity;q=0.3
      Accept:
      - "*/*"
  response:
    status:
      code: 200
      message: OK
    headers:
      Server:
      - ngin<VENDOR_AUTH_CODE>
      Date:
      - Thu, <VENDOR_ID>7 Apr 2025 <VENDOR_ID>8:53:39 GMT
      Content-Type:
      - application/json
      Content-Length:
      - '5436'
      Connection:
      - keep-alive
      Access-Control-Allow-Credentials:
      - 'true'
      Access-Control-Allow-Methods:
      - GET, HEAD, PUT, PATCH, POST, DELETE
      Access-Control-Allow-Origin:
      - "*"
      Cache-Control:
      - no-cache, no-store
      Content-Security-Policy:
      - base-uri 'none'; default-src 'none'; form-action 'none'; frame-ancestors 'none';
        img-src 'self'; script-src 'self' 'report-sample'; style-src 'self'; worker-src
        'none'; upgrade-insecure-requests; report-uri https://q.stripe.com/csp-violation?q=qAws-KTyW<VENDOR_ID>huN9JLGhP0iWH5HG2PXXggqYiX2dfccuoaqgJ5RfNyGdbuweHMtdX4cBD0PPQldtjqeewe
      Idempotency-Key:
      - f222c7ed-9654-4<VENDOR_ID>2d-a6c9-f022a5037f0<VENDOR_ID>
      Original-Request:
      - req_4<VENDOR_AUTH_CODE>QCfbnOb0YOFq
      Request-Id:
      - req_4<VENDOR_AUTH_CODE>QCfbnOb0YOFq
      Stripe-Should-Retry:
      - 'false'
      Stripe-Version:
      - 2025-03-3<VENDOR_ID>.basil
      Vary:
      - Origin
      X-Stripe-Priority-Routing-Enabled:
      - 'true'
      X-Wc:
      - ABGHI
      Strict-Transport-Security:
      - ma<VENDOR_AUTH_CODE>-age=63072000; includeSubDomains; preload
      Access-Control-E<VENDOR_AUTH_CODE>pose-Headers:
      - Request-Id, Stripe-Manage-Version, Stripe-Should-Retry, X-Stripe-E<VENDOR_AUTH_CODE>ternal-Auth-Required,
        X-Stripe-Privileged-Session-Required
      Access-Control-Ma<VENDOR_AUTH_CODE>-Age:
      - '300'
      X-Stripe-Routing-Conte<VENDOR_AUTH_CODE>t-Priority-Tier:
      - api-testmode
    body:
      encoding: UTF-8
      string: |-
        {
          "id": "pi_3RE<VENDOR_AUTH_CODE>Z9KXBGcbgpbZ02<VENDOR_ID>tvCBB",
          "object": "payment_intent",
          "amount": 2900,
          "amount_capturable": 0,
          "amount_details": {
            "tip": {}
          },
          "amount_received": 2900,
          "application": null,
          "application_fee_amount": null,
          "automatic_payment_methods": {
            "allow_redirects": "always",
            "enabled": true
          },
          "canceled_at": null,
          "cancellation_reason": null,
          "capture_method": "automatic_async",
          "client_<PADDLE_API_KEY>": "pi_3RE<VENDOR_AUTH_CODE>Z9KXBGcbgpbZ02<VENDOR_ID>tvCBB_<PADDLE_API_KEY>_f9Bkg292IPlo<VENDOR_ID>39nb9INp5lAn",
          "confirmation_method": "automatic",
          "created": <VENDOR_ID>7449<VENDOR_ID>60<VENDOR_ID>9,
          "currency": "usd",
          "customer": "cus_S9G5bb<VENDOR_AUTH_CODE>pbQhdMD",
          "description": null,
          "last_payment_error": null,
          "latest_charge": {
            "id": "ch_3RE<VENDOR_AUTH_CODE>Z9KXBGcbgpbZ00ghm3jH",
            "object": "charge",
            "amount": 2900,
            "amount_captured": 2900,
            "amount_refunded": 0,
            "application": null,
            "application_fee": null,
            "application_fee_amount": null,
            "balance_transaction": null,
            "billing_details": {
              "address": {
                "city": null,
                "country": null,
                "line<VENDOR_ID>": null,
                "line2": null,
                "postal_code": null,
                "state": null
              },
              "email": null,
              "name": null,
              "phone": null,
              "ta<VENDOR_AUTH_CODE>_id": null
            },
            "calculated_statement_descriptor": "PAY RAILS",
            "captured": true,
            "created": <VENDOR_ID>7449<VENDOR_ID>60<VENDOR_ID>9,
            "currency": "usd",
            "customer": "cus_S9G5bb<VENDOR_AUTH_CODE>pbQhdMD",
            "description": null,
            "destination": null,
            "dispute": null,
            "disputed": false,
            "failure_balance_transaction": null,
            "failure_code": null,
            "failure_message": null,
            "fraud_details": {},
            "livemode": false,
            "metadata": {},
            "on_behalf_of": null,
            "order": null,
            "outcome": {
              "advice_code": null,
              "network_advice_code": null,
              "network_decline_code": null,
              "network_status": "approved_by_network",
              "reason": null,
              "risk_level": "normal",
              "risk_score": 37,
              "seller_message": "Payment complete.",
              "type": "authorized"
            },
            "paid": true,
            "payment_intent": "pi_3RE<VENDOR_AUTH_CODE>Z9KXBGcbgpbZ02<VENDOR_ID>tvCBB",
            "payment_method": "pm_<VENDOR_ID>RE<VENDOR_AUTH_CODE>Z8KXBGcbgpbZtDN<VENDOR_AUTH_CODE>Rh6k",
            "payment_method_details": {
              "card": {
                "amount_authorized": 2900,
                "authorization_code": null,
                "brand": "visa",
                "checks": {
                  "address_line<VENDOR_ID>_check": null,
                  "address_postal_code_check": null,
                  "cvc_check": "pass"
                },
                "country": "US",
                "e<VENDOR_AUTH_CODE>p_month": 4,
                "e<VENDOR_AUTH_CODE>p_year": 2026,
                "e<VENDOR_AUTH_CODE>tended_authorization": {
                  "status": "disabled"
                },
                "fingerprint": "w4XDzQOFakih5EZM",
                "funding": "credit",
                "incremental_authorization": {
                  "status": "unavailable"
                },
                "installments": null,
                "last4": "4242",
                "mandate": null,
                "multicapture": {
                  "status": "unavailable"
                },
                "network": "visa",
                "network_token": {
                  "used": false
                },
                "network_transaction_id": "<VENDOR_ID><VENDOR_ID>9528868<VENDOR_ID>228<VENDOR_ID>7",
                "overcapture": {
                  "ma<VENDOR_AUTH_CODE>imum_amount_capturable": 2900,
                  "status": "unavailable"
                },
                "regulated_status": "unregulated",
                "three_d_secure": null,
                "wallet": null
              },
              "type": "card"
            },
            "radar_options": {},
            "receipt_email": null,
            "receipt_number": null,
            "receipt_url": "https://pay.stripe.com/receipts/payment/CAcaFwoVYWNjdF8<VENDOR_AUTH_CODE>RTRiZm5LWEJHY2JncGJaKLOchcAGMgYe_bpoSMc6LBaGNArZgDjZPQ3BGk8QThtiG9pyKm3<VENDOR_ID>ajhlSZZQICV<VENDOR_AUTH_CODE>K<VENDOR_AUTH_CODE><VENDOR_ID>RUA<VENDOR_ID>dTGIqFE9<VENDOR_AUTH_CODE>",
            "refunded": false,
            "refunds": {
              "object": "list",
              "data": [],
              "has_more": false,
              "total_count": 0,
              "url": "/v<VENDOR_ID>/charges/ch_3RE<VENDOR_AUTH_CODE>Z9KXBGcbgpbZ00ghm3jH/refunds"
            },
            "review": null,
            "shipping": null,
            "source": null,
            "source_transfer": null,
            "statement_descriptor": null,
            "statement_descriptor_suffi<VENDOR_AUTH_CODE>": null,
            "status": "succeeded",
            "transfer_data": null,
            "transfer_group": null
          },
          "livemode": false,
          "metadata": {},
          "ne<VENDOR_AUTH_CODE>t_action": null,
          "on_behalf_of": null,
          "payment_method": "pm_<VENDOR_ID>RE<VENDOR_AUTH_CODE>Z8KXBGcbgpbZtDN<VENDOR_AUTH_CODE>Rh6k",
          "payment_method_configuration_details": {
            "id": "pmc_<VENDOR_ID>KVQ6KKXBGcbgpbZtICYcb8a",
            "parent": null
          },
          "payment_method_options": {
            "acss_debit": {
              "verification_method": "automatic"
            },
            "afterpay_clearpay": {
              "reference": null
            },
            "alipay": {},
            "card": {
              "installments": null,
              "mandate_options": null,
              "network": null,
              "request_three_d_secure": "automatic"
            },
            "klarna": {
              "preferred_locale": null
            },
            "link": {
              "persistent_token": null
            },
            "us_bank_account": {
              "financial_connections": {
                "permissions": [
                  "payment_method"
                ],
                "prefetch": []
              },
              "mandate_options": {},
              "verification_method": "automatic"
            },
            "wechat_pay": {
              "app_id": null,
              "client": null
            }
          },
          "payment_method_types": [
            "card",
            "acss_debit",
            "afterpay_clearpay",
            "alipay",
            "klarna",
            "link",
            "us_bank_account",
            "wechat_pay"
          ],
          "processing": null,
          "receipt_email": null,
          "review": null,
          "setup_future_usage": null,
          "shipping": null,
          "source": null,
          "statement_descriptor": null,
          "statement_descriptor_suffi<VENDOR_AUTH_CODE>": null,
          "status": "succeeded",
          "transfer_data": null,
          "transfer_group": null
        }
  recorded_at: Thu, 17 Apr 2025 18:53:39 GMT
- request:
    method: get
    uri: https://api.stripe.com/v<VENDOR_ID>/invoice_payments?e<VENDOR_AUTH_CODE>pand%5B%5D=data.invoice.total_discount_amounts.discount&payment%5Bpayment_intent%5D=pi_3RE<VENDOR_AUTH_CODE>Z9KXBGcbgpbZ02<VENDOR_ID>tvCBB&payment%5Btype%5D=payment_intent&status=paid
    body:
      encoding: US-ASCII
      string: ''
    headers:
      User-Agent:
      - Stripe/v<VENDOR_ID> RubyBindings/<VENDOR_ID>5.0.0 PayRails/9.0.<VENDOR_ID>
        (https://github.com/pay-rails/pay)
      Authorization:
      - Bearer sk_test_e<VENDOR_AUTH_CODE>0JDdQGDv6z2QmAIVQUOyE6
      X-Stripe-Client-Telemetry:
      - '{"last_request_metrics":{"request_id":"req_4<VENDOR_AUTH_CODE>QCfbnOb0YOFq","request_duration_ms":769}}'
      Stripe-Version:
      - 2025-03-3<VENDOR_ID>.basil
      X-Stripe-Client-User-Agent:
      - '{"application":{"name":"PayRails","partner_id":"pp_partner_IqhY0UE<VENDOR_AUTH_CODE>nJYL<VENDOR_AUTH_CODE>g","url":"https://github.com/pay-rails/pay","version":"9.0.<VENDOR_ID>"},"bindings_version":"<VENDOR_ID>5.0.0","lang":"ruby","lang_version":"3.4.3
        p32 (2025-04-<VENDOR_ID>4)","platform":"arm64-darwin24","engine":"ruby","publisher":"stripe","uname":"Darwin
        Mac-Studio.localdomain 24.4.0 Darwin Kernel Version 24.4.0: Wed Mar <VENDOR_ID>9
        2<VENDOR_ID>:<VENDOR_ID>7:37 PDT 2025; root:<VENDOR_AUTH_CODE>nu-<VENDOR_ID><VENDOR_ID>4<VENDOR_ID>7.<VENDOR_ID>0<VENDOR_ID>.<VENDOR_ID>5~<VENDOR_ID>/RELEASE_ARM64_T603<VENDOR_ID>
        arm64","hostname":"Mac-Studio.localdomain"}'
      Accept-Encoding:
      - gzip;q=<VENDOR_ID>.0,deflate;q=0.6,identity;q=0.3
      Accept:
      - "*/*"
  response:
    status:
      code: 200
      message: OK
    headers:
      Server:
      - ngin<VENDOR_AUTH_CODE>
      Date:
      - Thu, <VENDOR_ID>7 Apr 2025 <VENDOR_ID>8:53:39 GMT
      Content-Type:
      - application/json
      Content-Length:
      - '90'
      Connection:
      - keep-alive
      Access-Control-Allow-Credentials:
      - 'true'
      Access-Control-Allow-Methods:
      - GET, HEAD, PUT, PATCH, POST, DELETE
      Access-Control-Allow-Origin:
      - "*"
      Cache-Control:
      - no-cache, no-store
      Content-Security-Policy:
      - base-uri 'none'; default-src 'none'; form-action 'none'; frame-ancestors 'none';
        img-src 'self'; script-src 'self' 'report-sample'; style-src 'self'; worker-src
        'none'; upgrade-insecure-requests; report-uri https://q.stripe.com/csp-violation?q=qAws-KTyW<VENDOR_ID>huN9JLGhP0iWH5HG2PXXggqYiX2dfccuoaqgJ5RfNyGdbuweHMtdX4cBD0PPQldtjqeewe
      Request-Id:
      - req_GlmKZQGtgKSsAd
      Stripe-Version:
      - 2025-03-3<VENDOR_ID>.basil
      Vary:
      - Origin
      X-Stripe-Priority-Routing-Enabled:
      - 'true'
      X-Wc:
      - ABGHI
      Strict-Transport-Security:
      - ma<VENDOR_AUTH_CODE>-age=63072000; includeSubDomains; preload
      Access-Control-E<VENDOR_AUTH_CODE>pose-Headers:
      - Request-Id, Stripe-Manage-Version, Stripe-Should-Retry, X-Stripe-E<VENDOR_AUTH_CODE>ternal-Auth-Required,
        X-Stripe-Privileged-Session-Required
      Access-Control-Ma<VENDOR_AUTH_CODE>-Age:
      - '300'
      X-Stripe-Routing-Conte<VENDOR_AUTH_CODE>t-Priority-Tier:
      - api-testmode
    body:
      encoding: UTF-8
      string: |-
        {
          "object": "list",
          "data": [],
          "has_more": false,
          "url": "/v<VENDOR_ID>/invoice_payments"
        }
  recorded_at: Thu, 17 Apr 2025 18:53:39 GMT
recorded_with: VCR 6.3.1
